%このファイルは日本語文字を含みます.
\BOOKMARK [1][-]{section.1}{\376\377\0001\000\040\060\310\060\351\060\363\060\270\060\271\060\277\060\153\060\210\060\213\212\326\164\006\126\336\215\357\000\040\0001}{}% 1
\BOOKMARK [2][-]{subsection.1.1}{\376\377\0001\000.\0001\000\040\000V\000A\000=\0000\060\156\060\150\060\115}{section.1}% 2
\BOOKMARK [2][-]{subsection.1.2}{\376\377\0001\000.\0002\000\040\000V\000A\000=\0005\000.\0000\060\156\060\150\060\115}{section.1}% 3
\BOOKMARK [1][-]{section.2}{\376\377\0002\000\040\060\310\060\351\060\363\060\270\060\271\060\277\060\153\060\210\060\213\212\326\164\006\126\336\215\357\000\040\0002}{}% 4
\BOOKMARK [1][-]{section.3}{\376\377\0003\000\040\212\326\164\006\126\336\215\357\060\222\137\334\165\050\060\127\060\137\226\373\133\120\126\336\215\357\000\040\0001\377\010\126\336\215\357\000A\060\156\126\336\215\357\126\363\377\011}{}% 5
\BOOKMARK [1][-]{section.4}{\376\377\0004\000\040\212\326\164\006\126\336\215\357\060\222\137\334\165\050\060\127\060\137\226\373\133\120\126\336\215\357\000\040\0002\377\010\000R\060\156\154\172\133\232\377\011}{}% 6
\BOOKMARK [2][-]{subsection.4.1}{\376\377\0004\000.\0001\000\040\0002\121\145\122\233\000A\000N\000D\126\336\215\357\060\156\130\064\124\010}{section.4}% 7
\BOOKMARK [2][-]{subsection.4.2}{\376\377\0004\000.\0002\000\040\0003\121\145\122\233\000A\000N\000D\126\336\215\357\060\156\130\064\124\010}{section.4}% 8
\BOOKMARK [2][-]{subsection.4.3}{\376\377\0004\000.\0003\000\040\133\237\165\050\126\336\215\357\060\153\060\112\060\121\060\213\142\265\142\227\120\044\060\156\154\172\133\232}{section.4}% 9
\BOOKMARK [1][-]{section.5}{\376\377\0005\000\040\212\326\164\006\126\336\215\357\060\222\137\334\165\050\060\127\060\137\226\373\133\120\126\336\215\357\000\040\0003\377\010\126\336\215\357\000B\060\156\126\336\215\357\126\363\377\011}{}% 10
\BOOKMARK [1][-]{section.6}{\376\377\0006\000\040\212\326\164\006\126\336\215\357\060\222\137\334\165\050\060\127\060\137\226\373\133\120\126\336\215\357\000\040\0004\377\010\126\336\215\357\000A\060\150\126\336\215\357\000B\060\156\137\227\131\061\377\011}{}% 11
\BOOKMARK [2][-]{subsection.6.1}{\376\377\0006\000.\0001\000\040\220\350\124\301\160\271\145\160}{section.6}% 12
\BOOKMARK [2][-]{subsection.6.2}{\376\377\0006\000.\0002\000\040\121\145\122\233\060\153\137\305\211\201\060\152\226\373\155\101}{section.6}% 13
\BOOKMARK [2][-]{subsection.6.3}{\376\377\0006\000.\0003\000\040\122\325\117\134\060\156\133\211\133\232\140\047}{section.6}% 14
\BOOKMARK [2][-]{subsection.6.4}{\376\377\0006\000.\0004\000\040\060\341\060\363\060\306\060\312\060\363\060\271\140\047}{section.6}% 15
\BOOKMARK [1][-]{section.7}{\376\377\0007\000\040\212\277\147\373\212\262\230\114}{}% 16
\BOOKMARK [2][-]{subsection.7.1}{\376\377\0007\000.\0001\000\040\060\342\060\307\060\353\060\156\133\232\177\251}{section.7}% 17
\BOOKMARK [2][-]{subsection.7.2}{\376\377\0007\000.\0002\000\040\060\267\060\337\060\345\060\354\060\374\060\267\060\347\060\363\060\150\060\135\060\156\200\003\133\337}{section.7}% 18
\BOOKMARK [1][-]{section.8}{\376\377\0008\000\040\060\242\060\363\060\261\060\374\060\310\060\150\147\000\175\102\212\262\230\114\060\153\060\144\060\104\060\146}{}% 19
